e:\pixeguy\documents\github\dx1220aiprogass1\ai\release\vc143.pdb
e:\pixeguy\documents\github\dx1220aiprogass1\ai\release\shader.obj
e:\pixeguy\documents\github\dx1220aiprogass1\ai\release\scenetictactoe.obj
e:\pixeguy\documents\github\dx1220aiprogass1\ai\release\scenemovement_week999.obj
e:\pixeguy\documents\github\dx1220aiprogass1\ai\release\scenemovement_week04.obj
e:\pixeguy\documents\github\dx1220aiprogass1\ai\release\scenemovement_week03.obj
e:\pixeguy\documents\github\dx1220aiprogass1\ai\release\scenemovement_week02.obj
e:\pixeguy\documents\github\dx1220aiprogass1\ai\release\scenemovement_week01.obj
e:\pixeguy\documents\github\dx1220aiprogass1\ai\release\scenedata.obj
e:\pixeguy\documents\github\dx1220aiprogass1\ai\release\scenebase.obj
e:\pixeguy\documents\github\dx1220aiprogass1\ai\release\postoffice.obj
e:\pixeguy\documents\github\dx1220aiprogass1\ai\release\meshbuilder.obj
e:\pixeguy\documents\github\dx1220aiprogass1\ai\release\mesh.obj
e:\pixeguy\documents\github\dx1220aiprogass1\ai\release\maze.obj
e:\pixeguy\documents\github\dx1220aiprogass1\ai\release\main.obj
e:\pixeguy\documents\github\dx1220aiprogass1\ai\release\loadtga.obj
e:\pixeguy\documents\github\dx1220aiprogass1\ai\release\loadobj.obj
e:\pixeguy\documents\github\dx1220aiprogass1\ai\release\graph.obj
e:\pixeguy\documents\github\dx1220aiprogass1\ai\release\gameobject.obj
e:\pixeguy\documents\github\dx1220aiprogass1\ai\release\camera.obj
e:\pixeguy\documents\github\dx1220aiprogass1\ai\release\application.obj
e:\pixeguy\documents\github\dx1220aiprogass1\ai\release\utility.obj
e:\pixeguy\documents\github\dx1220aiprogass1\ai\release\statestank.obj
e:\pixeguy\documents\github\dx1220aiprogass1\ai\release\statessupport.obj
e:\pixeguy\documents\github\dx1220aiprogass1\ai\release\statesshark.obj
e:\pixeguy\documents\github\dx1220aiprogass1\ai\release\statesranged.obj
e:\pixeguy\documents\github\dx1220aiprogass1\ai\release\statesmortar.obj
e:\pixeguy\documents\github\dx1220aiprogass1\ai\release\statesmechanic.obj
e:\pixeguy\documents\github\dx1220aiprogass1\ai\release\statesfishfood.obj
e:\pixeguy\documents\github\dx1220aiprogass1\ai\release\statesfish.obj
e:\pixeguy\documents\github\dx1220aiprogass1\ai\release\statesbuilding.obj
e:\pixeguy\documents\github\dx1220aiprogass1\ai\release\statesattacker.obj
e:\pixeguy\documents\github\dx1220aiprogass1\ai\release\statemachine.obj
e:\pixeguy\documents\github\dx1220aiprogass1\ai\release\state.obj
e:\pixeguy\documents\github\dx1220aiprogass1\release\ai.exe
e:\pixeguy\documents\github\dx1220aiprogass1\release\ai.pdb
e:\pixeguy\documents\github\dx1220aiprogass1\ai\release\ai.ipdb
e:\pixeguy\documents\github\dx1220aiprogass1\ai\release\ai.iobj
e:\pixeguy\documents\github\dx1220aiprogass1\ai\release\ai.tlog\cl.command.1.tlog
e:\pixeguy\documents\github\dx1220aiprogass1\ai\release\ai.tlog\cl.items.tlog
e:\pixeguy\documents\github\dx1220aiprogass1\ai\release\ai.tlog\cl.read.1.tlog
e:\pixeguy\documents\github\dx1220aiprogass1\ai\release\ai.tlog\cl.write.1.tlog
e:\pixeguy\documents\github\dx1220aiprogass1\ai\release\ai.tlog\link.command.1.tlog
e:\pixeguy\documents\github\dx1220aiprogass1\ai\release\ai.tlog\link.read.1.tlog
e:\pixeguy\documents\github\dx1220aiprogass1\ai\release\ai.tlog\link.secondary.1.tlog
e:\pixeguy\documents\github\dx1220aiprogass1\ai\release\ai.tlog\link.write.1.tlog
