  SceneMovement_Week03.cpp
C:\Users\zhan feng\Documents\GitHub\DX1220AIProgASS1\AI\Source\SceneMovement_Week03.cpp(71,12): warning C4244: 'argument': conversion from 'time_t' to 'unsigned int', possible loss of data
C:\Users\zhan feng\Documents\GitHub\DX1220AIProgASS1\AI\Source\SceneMovement_Week03.cpp(496,48): warning C4244: 'argument': conversion from 'float' to 'int', possible loss of data
C:\Users\zhan feng\Documents\GitHub\DX1220AIProgASS1\AI\Source\SceneMovement_Week03.cpp(496,31): warning C4244: 'argument': conversion from 'float' to 'int', possible loss of data
C:\Users\zhan feng\Documents\GitHub\DX1220AIProgASS1\AI\Source\SceneMovement_Week03.cpp(497,49): warning C4244: 'argument': conversion from 'float' to 'int', possible loss of data
C:\Users\zhan feng\Documents\GitHub\DX1220AIProgASS1\AI\Source\SceneMovement_Week03.cpp(497,31): warning C4244: 'argument': conversion from 'float' to 'int', possible loss of data
C:\Users\zhan feng\Documents\GitHub\DX1220AIProgASS1\AI\Source\SceneMovement_Week03.cpp(999,20): warning C4018: '<': signed/unsigned mismatch
C:\Users\zhan feng\Documents\GitHub\DX1220AIProgASS1\AI\Source\SceneMovement_Week03.cpp(1488,26): warning C4305: '+=': truncation from 'double' to 'float'
C:\Users\zhan feng\Documents\GitHub\DX1220AIProgASS1\AI\Source\SceneMovement_Week03.cpp(1575,20): warning C4305: 'argument': truncation from 'double' to 'float'
C:\Users\zhan feng\Documents\GitHub\DX1220AIProgASS1\AI\Source\SceneMovement_Week03.cpp(1576,18): warning C4305: 'argument': truncation from 'double' to 'float'
C:\Users\zhan feng\Documents\GitHub\DX1220AIProgASS1\AI\Source\SceneMovement_Week03.cpp(1614,19): warning C4244: '+=': conversion from 'double' to 'float', possible loss of data
C:\Users\zhan feng\Documents\GitHub\DX1220AIProgASS1\AI\Source\SceneMovement_Week03.cpp(1740,17): warning C4244: '+=': conversion from 'double' to 'float', possible loss of data
C:\Users\zhan feng\Documents\GitHub\DX1220AIProgASS1\AI\Source\SceneMovement_Week03.cpp(1880,60): warning C4244: 'argument': conversion from 'double' to 'float', possible loss of data
C:\Users\zhan feng\Documents\GitHub\DX1220AIProgASS1\AI\Source\SceneMovement_Week03.cpp(1886,44): warning C4244: 'argument': conversion from 'double' to 'float', possible loss of data
C:\Users\zhan feng\Documents\GitHub\DX1220AIProgASS1\AI\Source\SceneMovement_Week03.cpp(1919,52): warning C4244: 'argument': conversion from 'double' to 'float', possible loss of data
C:\Users\zhan feng\Documents\GitHub\DX1220AIProgASS1\AI\Source\SceneMovement_Week03.cpp(1925,36): warning C4244: 'argument': conversion from 'double' to 'float', possible loss of data
  StatesMechanic.cpp
C:\Users\zhan feng\Documents\GitHub\DX1220AIProgASS1\AI\Source\StatesMechanic.cpp(23,20): warning C4305: '=': truncation from 'double' to 'float'
C:\Users\zhan feng\Documents\GitHub\DX1220AIProgASS1\AI\Source\StatesMechanic.cpp(129,20): warning C4305: '=': truncation from 'double' to 'float'
C:\Users\zhan feng\Documents\GitHub\DX1220AIProgASS1\AI\Source\StatesMechanic.cpp(276,24): warning C4305: 'argument': truncation from 'double' to 'float'
C:\Users\zhan feng\Documents\GitHub\DX1220AIProgASS1\AI\Source\StatesMechanic.cpp(398,18): warning C4305: '=': truncation from 'double' to 'float'
C:\Users\zhan feng\Documents\GitHub\DX1220AIProgASS1\AI\Source\StatesMechanic.cpp(472,20): warning C4305: '=': truncation from 'double' to 'float'
C:\Users\zhan feng\Documents\GitHub\DX1220AIProgASS1\AI\Source\StatesMechanic.cpp(563,20): warning C4305: '=': truncation from 'double' to 'float'
C:\Users\zhan feng\Documents\GitHub\DX1220AIProgASS1\AI\Source\StatesMechanic.cpp(569,20): warning C4305: '=': truncation from 'double' to 'float'
  Generating Code...
C:\Users\zhan feng\Documents\GitHub\DX1220AIProgASS1\AI\Source\SceneMovement_Week03.cpp(3240,1): warning C4715: 'SceneMovement_Week03::GameState': not all control paths return a value
  AI.vcxproj -> C:\Users\zhan feng\Documents\GitHub\DX1220AIProgASS1\Debug\AI.exe
